###############################################################################
#
# IAR ELF Linker V8.40.2.214/W32 for ARM                  03/Apr/2021  09:42:03
# Copyright 2007-2019 IAR Systems AB.
#
#    Output file  =  C:\Users\User\Documents\Kurs\Kurs\Debug\Exe\iarproject.out
#    Map file     =
#        C:\Users\User\Documents\Kurs\Kurs\Debug\List\iarproject.map
#    Command line =
#        -f C:\Users\User\AppData\Local\Temp\EWAA78.tmp
#        (C:\Users\User\Documents\Kurs\Kurs\Debug\Obj\ButtonTask.o
#        C:\Users\User\Documents\Kurs\Kurs\Debug\Obj\croutine.o
#        C:\Users\User\Documents\Kurs\Kurs\Debug\Obj\event_groups.o
#        C:\Users\User\Documents\Kurs\Kurs\Debug\Obj\irqcontroller.o
#        C:\Users\User\Documents\Kurs\Kurs\Debug\Obj\list.o
#        C:\Users\User\Documents\Kurs\Kurs\Debug\Obj\main.o
#        C:\Users\User\Documents\Kurs\Kurs\Debug\Obj\port.o
#        C:\Users\User\Documents\Kurs\Kurs\Debug\Obj\portasm.o
#        C:\Users\User\Documents\Kurs\Kurs\Debug\Obj\queue.o
#        C:\Users\User\Documents\Kurs\Kurs\Debug\Obj\startupF411RE.o
#        C:\Users\User\Documents\Kurs\Kurs\Debug\Obj\tasks.o
#        C:\Users\User\Documents\Kurs\Kurs\Debug\Obj\timers.o
#        --no_out_extension -o
#        C:\Users\User\Documents\Kurs\Kurs\Debug\Exe\iarproject.out --map
#        C:\Users\User\Documents\Kurs\Kurs\Debug\List\iarproject.map --log
#        libraries,initialization,modules,redirects,sections,veneers,unused_fragments,call_graph
#        --log_file C:\Users\User\Documents\Kurs\Kurs\Debug\List\iarproject.log
#        --config C:\Users\User\Documents\Kurs\Kurs\stm32f411xE.icf
#        --semihosting --entry __iar_program_start --vfe --text_out locale)
#
###############################################################################

*******************************************************************************
*** RUNTIME MODEL ATTRIBUTES
***

CppFlavor                     = *
__CPP_Exceptions              = Disabled
__CPP_Language                = C++14
__Heap_Handler                = Basic
__SystemLibrary               = DLib
__dlib_dynamic_initialization = normal
__dlib_version                = 6


*******************************************************************************
*** HEAP SELECTION
***

The basic heap was selected because no calls to memory allocation
functions were found in the application outside of system library
functions, and there are calls to deallocation functions in the
application.


*******************************************************************************
*** PLACEMENT SUMMARY
***

"A0":  place at address 0x800'0000 { ro section .intvec };
"P1":  place in [from 0x800'0000 to 0x807'ffff] { ro };
define block CSTACK with size = 256, alignment = 8 { };
define block HEAP with size = 0, alignment = 8 { };
"P2":  place in [from 0x2000'0000 to 0x2001'ffff] {
          rw, block CSTACK, block HEAP };
initialize by copy { rw };

  Section                Kind         Address    Size  Object
  -------                ----         -------    ----  ------
"A0":                                           0x198
  .intvec                const     0x800'0000   0x198  startupF411RE.o [1]
                                 - 0x800'0198   0x198

"P1":                                          0x1e98
  .text                  ro code   0x800'0198   0x880  tasks.o [1]
  .text                  ro code   0x800'0a18    0x98  list.o [1]
  .text                  ro code   0x800'0ab0   0x184  port.o [1]
  .text                  ro code   0x800'0c34   0x3b4  timers.o [1]
  CODE                   ro code   0x800'0fe8    0xa8  portasm.o [1]
  .text                  ro code   0x800'1090   0x60e  queue.o [1]
  .text                  ro code   0x800'169e    0x3a  zero_init3.o [5]
  .text                  ro code   0x800'16d8    0xa6  ABImemcpy.o [5]
  .text                  ro code   0x800'177e    0x2e  copy_init3.o [5]
  .text                  ro code   0x800'17ac   0x274  I64DivMod.o [5]
  .text                  ro code   0x800'1a20     0x2  I64DivZer.o [5]
  .text                  ro code   0x800'1a22     0x2  irqcontroller.o [1]
  .text                  ro code   0x800'1a24    0xc0  event_groups.o [1]
  .text                  ro code   0x800'1ae4    0xa0  cppinit.o [2]
  .text                  ro code   0x800'1b84    0x88  main.o [1]
  .text                  ro code   0x800'1c0c    0x2c  main.o [1]
  .text                  ro code   0x800'1c38     0xa  cxxabi.o [3]
  .rodata                const     0x800'1c42     0x1  unwind_debug.o [6]
  .text                  ro code   0x800'1c44    0x50  ButtonTask.o [1]
  .text                  ro code   0x800'1c94    0x14  main.o [1]
  .text                  ro code   0x800'1ca8    0x18  main.o [1]
  .text                  ro code   0x800'1cc0    0x10  main.o [1]
  .text                  ro code   0x800'1cd0    0x18  main.o [1]
  .text                  ro code   0x800'1ce8    0x14  main.o [1]
  .text                  ro code   0x800'1cfc    0x14  main.o [1]
  .text                  ro code   0x800'1d10    0x14  main.o [1]
  .text                  ro code   0x800'1d24    0x1c  main.o [1]
  .text                  ro code   0x800'1d40    0x22  main.o [1]
  .text                  ro code   0x800'1d62     0x8  main.o [1]
  .text                  ro code   0x800'1d6a    0x1c  main.o [1]
  .text                  ro code   0x800'1d86     0x4  main.o [1]
  .text                  ro code   0x800'1d8a     0x8  main.o [1]
  .text                  ro code   0x800'1d92     0x8  ButtonTask.o [1]
  .text                  ro code   0x800'1d9a     0xa  ButtonTask.o [1]
  .text                  ro code   0x800'1da4    0x1a  ButtonTask.o [1]
  .text                  ro code   0x800'1dbe     0x2  main.o [1]
  .text                  ro code   0x800'1dc0    0x2c  main.o [1]
  .text                  ro code   0x800'1dec     0x8  main.o [1]
  .text                  ro code   0x800'1df4     0x6  main.o [1]
  .text                  ro code   0x800'1dfa     0x6  main.o [1]
  .text                  ro code   0x800'1e00     0xe  ButtonTask.o [1]
  .text                  ro code   0x800'1e10    0x38  ButtonTask.o [1]
  .text                  ro code   0x800'1e48     0x8  ButtonTask.o [1]
  .text                  ro code   0x800'1e50     0x8  ButtonTask.o [1]
  .text                  ro code   0x800'1e58     0xa  ButtonTask.o [1]
  .text                  ro code   0x800'1e64    0x28  data_init.o [5]
  .text                  ro code   0x800'1e8c    0x22  fpinit_M.o [4]
  .iar.init_table        const     0x800'1eb0    0x28  - Linker created -
  .text                  ro code   0x800'1ed8    0x20  cmain_call_ctors.o [5]
  .text                  ro code   0x800'1ef8    0x1e  cmain.o [5]
  .text                  ro code   0x800'1f16     0x4  exit.o [2]
  .text                  ro code   0x800'1f1c     0xe  cexit.o [5]
  .text                  ro code   0x800'1f2c    0x14  exit.o [6]
  .text                  ro code   0x800'1f40    0x14  main.o [1]
  .text                  ro code   0x800'1f54     0x8  main.o [1]
  .text                  ro code   0x800'1f5c    0x14  main.o [1]
  .text                  ro code   0x800'1f70     0xc  main.o [1]
  .text                  ro code   0x800'1f7c    0x12  startupF411RE.o [1]
  .text                  ro code   0x800'1f8e     0xe  main.o [1]
  .text                  ro code   0x800'1f9c     0xa  main.o [1]
  .rodata                const     0x800'1fa8     0xc  ButtonTask.o [1]
  .rodata                const     0x800'1fb4     0xc  main.o [1]
  .rodata                const     0x800'1fc0     0xc  main.o [1]
  Initializer bytes      const     0x800'1fcc     0xc  <for P2-1>
  .rodata                const     0x800'1fd8     0x8  ButtonTask.o [1]
  .rodata                const     0x800'1fe0     0x8  main.o [1]
  .rodata                const     0x800'1fe8     0x8  tasks.o [1]
  .rodata                const     0x800'1ff0     0x8  timers.o [1]
  .rodata                const     0x800'1ff8     0x8  timers.o [1]
  .text                  ro code   0x800'2000     0x8  main.o [1]
  .text                  ro code   0x800'2008     0x8  startupF411RE.o [1]
  .text                  ro code   0x800'2010     0x8  startupF411RE.o [1]
  .text                  ro code   0x800'2018     0x8  startupF411RE.o [1]
  .text                  ro code   0x800'2020     0x8  startupF411RE.o [1]
  .rodata                const     0x800'2028     0x4  port.o [1]
  SHT$$PREINIT_ARRAY               0x800'202c     0x0  <Block>
  SHT$$INIT_ARRAY                  0x800'202c     0x4  <Block>
    .init_array          const     0x800'202c     0x4  main.o [1]
  __iar_tls$$INIT_ARRAY            0x800'2030     0x0  <Block>
  .text                  ro code   0x800'2030     0x0  cstart_call_dtors.o [5]
  .rodata                const     0x800'2030     0x0  zero_init3.o [5]
  .rodata                const     0x800'2030     0x0  copy_init3.o [5]
                                 - 0x800'2030  0x1e98

"P2", part 1 of 3:                                0xc
  P2-1                            0x2000'0000     0xc  <Init block>
    .data                inited   0x2000'0000     0x4  main.o [1]
    .data                inited   0x2000'0004     0x4  main.o [1]
    .data                inited   0x2000'0008     0x4  port.o [1]
                                - 0x2000'000c     0xc

"P2", part 2 of 3:                              0xb88
  .bss                   zero     0x2000'000c   0x400  tasks.o [1]
  .bss                   zero     0x2000'040c   0x264  main.o [1]
  .bss                   zero     0x2000'0670   0x200  tasks.o [1]
  .bss                   zero     0x2000'0870    0xa0  timers.o [1]
  .bss                   zero     0x2000'0910    0x64  tasks.o [1]
  .bss                   zero     0x2000'0974    0x50  tasks.o [1]
  .bss                   zero     0x2000'09c4    0x50  tasks.o [1]
  .bss                   zero     0x2000'0a14    0x48  timers.o [1]
  .bss                   zero     0x2000'0a5c    0x40  queue.o [1]
  .bss                   zero     0x2000'0a9c    0x24  main.o [1]
  .bss                   zero     0x2000'0ac0    0x14  tasks.o [1]
  .bss                   zero     0x2000'0ad4    0x14  tasks.o [1]
  .bss                   zero     0x2000'0ae8    0x14  tasks.o [1]
  .bss                   zero     0x2000'0afc    0x14  tasks.o [1]
  .bss                   zero     0x2000'0b10    0x14  timers.o [1]
  .bss                   zero     0x2000'0b24    0x14  timers.o [1]
  .bss                   zero     0x2000'0b38     0x4  port.o [1]
  .bss                   zero     0x2000'0b3c     0x4  tasks.o [1]
  .bss                   zero     0x2000'0b40     0x4  tasks.o [1]
  .bss                   zero     0x2000'0b44     0x4  tasks.o [1]
  .bss                   zero     0x2000'0b48     0x4  tasks.o [1]
  .bss                   zero     0x2000'0b4c     0x4  tasks.o [1]
  .bss                   zero     0x2000'0b50     0x4  tasks.o [1]
  .bss                   zero     0x2000'0b54     0x4  tasks.o [1]
  .bss                   zero     0x2000'0b58     0x4  tasks.o [1]
  .bss                   zero     0x2000'0b5c     0x4  tasks.o [1]
  .bss                   zero     0x2000'0b60     0x4  tasks.o [1]
  .bss                   zero     0x2000'0b64     0x4  tasks.o [1]
  .bss                   zero     0x2000'0b68     0x4  tasks.o [1]
  .bss                   zero     0x2000'0b6c     0x4  tasks.o [1]
  .bss                   zero     0x2000'0b70     0x4  tasks.o [1]
  .bss                   zero     0x2000'0b74     0x4  timers.o [1]
  .bss                   zero     0x2000'0b78     0x4  timers.o [1]
  .bss                   zero     0x2000'0b7c     0x4  timers.o [1]
  .bss                   zero     0x2000'0b80     0x4  timers.o [1]
  .bss                   zero     0x2000'0b84     0x4  timers.o [1]
  .bss                   zero     0x2000'0b88     0x4  cppinit.o [2]
  .bss                   zero     0x2000'0b8c     0x4  cppinit.o [2]
  .bss                   zero     0x2000'0b90     0x1  port.o [1]
                                - 0x2000'0b91   0xb85

"P2", part 3 of 3:                              0x28c
  .iar.dynexit                    0x2000'0b94   0x18c  <Block>
    .iar.dynexit         uninit   0x2000'0b94     0xc  cppinit.o [2]
    .iar.dynexit         uninit   0x2000'0ba0   0x180  <Block tail>
  CSTACK                          0x2000'0d20   0x100  <Block>
    CSTACK               uninit   0x2000'0d20   0x100  <Block tail>
                                - 0x2000'0e20   0x28c

Unused ranges:

         From           To      Size
         ----           --      ----
   0x800'2030   0x807'ffff  0x7'dfd0
  0x2000'0e20  0x2001'ffff  0x1'f1e0


*******************************************************************************
*** INIT TABLE
***

          Address      Size
          -------      ----
Zero (__iar_zero_init3)
    1 destination range, total size 0xb85:
          0x2000'000c  0xb85

Copy (__iar_copy_init3)
    1 source range, total size 0xc:
           0x800'1fcc    0xc
    1 destination range, total size 0xc:
          0x2000'0000    0xc

Extra (__iar_cstart_call_ctors)



*******************************************************************************
*** MODULE SUMMARY
***

    Module               ro code  ro data  rw data
    ------               -------  -------  -------
command line/config:
    ----------------------------------------------
    Total:

C:\Users\User\Documents\Kurs\Kurs\Debug\Obj: [1]
    ButtonTask.o             220       20
    event_groups.o           192
    irqcontroller.o            2
    list.o                   152
    main.o                   592       44      656
    port.o                   388        8        9
    portasm.o                168
    queue.o                1'550                64
    startupF411RE.o           50      408
    tasks.o                2'176        8    1'932
    timers.o                 948       16      292
    ----------------------------------------------
    Total:                 6'438      504    2'953

dl7M_tln.a: [2]
    cppinit.o                160                20
    exit.o                     4
    ----------------------------------------------
    Total:                   164                20

dlpp7M_tl_nc.a: [3]
    cxxabi.o                  10
    ----------------------------------------------
    Total:                    10

m7M_tls.a: [4]
    fpinit_M.o                34
    ----------------------------------------------
    Total:                    34

rt7M_tl.a: [5]
    ABImemcpy.o              166
    I64DivMod.o              628
    I64DivZer.o                2
    cexit.o                   14
    cmain.o                   30
    cmain_call_ctors.o        32
    copy_init3.o              46
    cstart_call_dtors.o
    data_init.o               40
    zero_init3.o              58
    ----------------------------------------------
    Total:                 1'016

shb_l.a: [6]
    exit.o                    20
    unwind_debug.o                      1
    ----------------------------------------------
    Total:                    20        1

    Gaps                       9        4
    Linker created                     40      640
--------------------------------------------------
    Grand Total:           7'691      549    3'613


*******************************************************************************
*** ENTRY LIST
***

Entry                       Address   Size  Type      Object
-----                       -------   ----  ----      ------
.iar.dynexit$$Base      0x2000'0b94          --   Gb  - Linker created -
.iar.dynexit$$Limit     0x2000'0d20          --   Gb  - Linker created -
.iar.init_table$$Base    0x800'1eb0          --   Gb  - Linker created -
.iar.init_table$$Limit   0x800'1ed8          --   Gb  - Linker created -
?main                    0x800'1ef9         Code  Gb  cmain.o [5]
Button<GPIOC, (int)13>::IsPressed()
                         0x800'1f5d   0x14  Code  Gb  main.o [1]
ButtonTask::ButtonTask(IButton &, OsWrapper::Event &)
                         0x800'1c45   0x1e  Code  Gb  ButtonTask.o [1]
ButtonTask::Execute()    0x800'1c63   0x2a  Code  Gb  ButtonTask.o [1]
CSTACK$$Base            0x2000'0d20          --   Gb  - Linker created -
CSTACK$$Limit           0x2000'0e20          --   Gb  - Linker created -
DtorRecArray            0x2000'0b94    0xc  Data  Lc  cppinit.o [2]
DummyModule::handler()   0x800'1f7d    0x2  Code  Gb  startupF411RE.o [1]
IrqController::HandleIrqExtiLine15_10()
                         0x800'1a23    0x2  Code  Gb  irqcontroller.o [1]
OsWrapper::Event::Event(std::chrono::duration<long long, std::ratio<(long long)1, (long long)1000>>, unsigned int)
                         0x800'1c0d   0x2c  Code  Gb  main.o [1]
OsWrapper::Event::Signal()
                         0x800'1d9b    0xa  Code  Gb  ButtonTask.o [1]
OsWrapper::Event::~Event()
                         0x800'1f8f    0xe  Code  Gb  main.o [1]
OsWrapper::IThread::IThread()
                         0x800'1e59    0xa  Code  Gb  ButtonTask.o [1]
OsWrapper::IThread::IThread() [subobject]
                         0x800'1e51    0x8  Code  Gb  ButtonTask.o [1]
OsWrapper::IThread::Run()
                         0x800'1f41   0x14  Code  Gb  main.o [1]
OsWrapper::IThread::Sleep(std::chrono::duration<long long, std::ratio<(long long)1, (long long)1000>>)
                         0x800'1da5   0x1a  Code  Gb  ButtonTask.o [1]
OsWrapper::Rtos::HandleSvcInterrupt()
                         0x800'2019    0x8  Code  Gb  startupF411RE.o [1]
OsWrapper::Rtos::HandleSysTickInterrupt()
                         0x800'2021    0x8  Code  Gb  startupF411RE.o [1]
OsWrapper::Rtos::Run(void *)
                         0x800'2001    0x8  Code  Gb  main.o [1]
OsWrapper::Rtos::Start()
                         0x800'1d63    0x8  Code  Gb  main.o [1]
OsWrapper::RtosWrapper::wCreateEvent(xSTATIC_EVENT_GROUP &)
                         0x800'1d8b    0x8  Code  Gb  main.o [1]
OsWrapper::RtosWrapper::wDeleteEvent(void *&)
                         0x800'1f9d    0xa  Code  Gb  main.o [1]
OsWrapper::RtosWrapper::wGetTicks()
                         0x800'1f55    0x8  Code  Gb  main.o [1]
OsWrapper::RtosWrapper::wHandleSvcInterrupt()
                         0x800'2009    0x8  Code  Gb  startupF411RE.o [1]
OsWrapper::RtosWrapper::wHandleSysTickInterrupt()
                         0x800'2011    0x8  Code  Gb  startupF411RE.o [1]
OsWrapper::RtosWrapper::wSignalEvent(void *const &, unsigned int)
                         0x800'1e11   0x38  Code  Gb  ButtonTask.o [1]
OsWrapper::RtosWrapper::wSleep(unsigned int)
                         0x800'1e49    0x8  Code  Gb  ButtonTask.o [1]
OsWrapper::RtosWrapper::wStart()
                         0x800'1ded    0x8  Code  Gb  main.o [1]
OsWrapper::Thread<(unsigned int)128>::Thread()
                         0x800'1e01    0xe  Code  Gb  ButtonTask.o [1]
OsWrapper::Thread<(unsigned int)128>::Thread() [subobject]
                         0x800'1d93    0x8  Code  Gb  ButtonTask.o [1]
Region$$Table$$Base      0x800'1eb0          --   Gb  - Linker created -
Region$$Table$$Limit     0x800'1ed8          --   Gb  - Linker created -
SHT$$INIT_ARRAY$$Base    0x800'202c          --   Gb  - Linker created -
SHT$$INIT_ARRAY$$Limit   0x800'2030          --   Gb  - Linker created -
SHT$$PREINIT_ARRAY$$Base
                         0x800'202c          --   Gb  - Linker created -
SHT$$PREINIT_ARRAY$$Limit
                         0x800'202c          --   Gb  - Linker created -
SystemCoreClock         0x2000'0000    0x4  Data  Gb  main.o [1]
Virtual function table for Button<GPIOC, (int)13>
                         0x800'1fb4    0xc  Data  Gb  main.o [1]
Virtual function table for ButtonTask
                         0x800'1fa8    0xc  Data  Gb  ButtonTask.o [1]
__aeabi_atexit           0x800'1c39    0xa  Code  Gb  cxxabi.o [3]
__aeabi_ldiv0            0x800'1a21         Code  Gb  I64DivZer.o [5]
__aeabi_ldivmod          0x800'17ad         Code  Gb  I64DivMod.o [5]
__aeabi_memcpy           0x800'16d9         Code  Gb  ABImemcpy.o [5]
__aeabi_memcpy4          0x800'16f9         Code  Gb  ABImemcpy.o [5]
__aeabi_memcpy8          0x800'16f9         Code  Gb  ABImemcpy.o [5]
__aeabi_uldivmod         0x800'17f1         Code  Gb  I64DivMod.o [5]
__call_ctors             0x800'1ae5   0x18  Code  Gb  cppinit.o [2]
__call_dtors             0x800'1b33    0xc  Code  Gb  cppinit.o [2]
__call_dtors0            0x800'1b3f   0x36  Code  Gb  cppinit.o [2]
__cexit_call_dtors       0x800'1f1f         Code  Gb  cexit.o [5]
__cmain                  0x800'1ef9         Code  Gb  cmain.o [5]
__cstart_call_dtors      0x800'2030         Data  Gb  cstart_call_dtors.o [5]
__cxa_atexit             0x800'1afd   0x36  Code  Gb  cppinit.o [2]
__dso_handle            0x2000'0b8c    0x4  Data  Gb  cppinit.o [2]
__exit                   0x800'1f2d   0x14  Code  Gb  exit.o [6]
__iar_copy_init3         0x800'177f   0x2e  Code  Gb  copy_init3.o [5]
__iar_cstart_call_ctors
                         0x800'1ed9   0x20  Code  Gb  cmain_call_ctors.o [5]
__iar_data_init3         0x800'1e65   0x28  Code  Gb  data_init.o [5]
__iar_debug_exceptions   0x800'1c42    0x1  Data  Gb  unwind_debug.o [6]
__iar_init_vfp           0x800'1e8d         Code  Gb  fpinit_M.o [4]
__iar_program_start      0x800'1f7f   0x10  Code  Gb  startupF411RE.o [1]
__iar_tls$$INIT_ARRAY$$Base
                         0x800'2030          --   Gb  - Linker created -
__iar_tls$$INIT_ARRAY$$Limit
                         0x800'2030          --   Gb  - Linker created -
__iar_zero_init3         0x800'169f   0x3a  Code  Gb  zero_init3.o [5]
__low_level_init         0x800'1bad   0x2e  Code  Gb  main.o [1]
__sti__routine           0x800'1b85   0x28  Code  Lc  main.o [1]
__vector_table           0x800'0000  0x198  Data  Gb  startupF411RE.o [1]
_call_main               0x800'1f05         Code  Gb  cmain.o [5]
_exit                    0x800'1f1d         Code  Gb  cexit.o [5]
_main                    0x800'1f13         Code  Gb  cmain.o [5]
bool FieldValueBase<RCC_CFGR_SWS_Values<RCC::CFGR, (unsigned int)2, (unsigned int)2, ReadMode, RCC::RCCCFGRBase>, RCC::RCCCFGRBase, (unsigned int)0>::IsSet<ReadMode, void>()
                         0x800'1cd1   0x18  Code  Gb  main.o [1]
bool FieldValueBase<RCC_CR_HSIRDY_Values<RCC::CR, (unsigned int)1, (unsigned int)1, ReadMode, RCC::RCCCRBase>, RCC::RCCCRBase, (unsigned int)0>::IsSet<ReadMode, void>()
                         0x800'1ca9   0x18  Code  Gb  main.o [1]
button                  0x2000'0004    0x4  Data  Gb  main.o [1]
buttonTask              0x2000'040c  0x264  Data  Gb  main.o [1]
event                   0x2000'0a9c   0x24  Data  Gb  main.o [1]
exit                     0x800'1f17    0x4  Code  Gb  exit.o [2]
main                     0x800'1bdb   0x14  Code  Gb  main.o [1]
next_abi_dtor_rec       0x2000'0b88    0x4  Data  Lc  cppinit.o [2]
pcInterruptPriorityRegisters
                         0x800'2028    0x4  Data  Lc  port.o [1]
prvAddCurrentTaskToDelayedList
                         0x800'0941   0x6e  Code  Lc  tasks.o [1]
prvAddNewTaskToReadyList
                         0x800'0261   0x9a  Code  Lc  tasks.o [1]
prvCheckForValidListAndQueue
                         0x800'0f4b   0x4c  Code  Lc  timers.o [1]
prvCheckForValidListAndQueue{1}{2}{3}{4}::ucStaticTimerQueueStorage
                        0x2000'0870   0xa0  Data  Lc  timers.o [1]
prvCheckForValidListAndQueue{1}{2}{3}{4}::xStaticTimerQueue
                        0x2000'0a14   0x48  Data  Lc  timers.o [1]
prvCheckTasksWaitingTermination
                         0x800'07ab    0x2  Code  Lc  tasks.o [1]
prvCopyDataFromQueue     0x800'1557   0x2a  Code  Lc  queue.o [1]
prvCopyDataToQueue       0x800'14d1   0x86  Code  Lc  queue.o [1]
prvGetNextExpireTime     0x800'0da9   0x26  Code  Lc  timers.o [1]
prvIdleTask              0x800'0755    0x8  Code  Lc  tasks.o [1]
prvInitialiseNewQueue    0x800'1147   0x1c  Code  Lc  queue.o [1]
prvInitialiseNewTask     0x800'01cf   0x92  Code  Lc  tasks.o [1]
prvInitialiseTaskLists   0x800'075d   0x4e  Code  Lc  tasks.o [1]
prvInsertTimerInActiveList
                         0x800'0df5   0x3e  Code  Lc  timers.o [1]
prvIsQueueEmpty          0x800'15ef   0x1c  Code  Lc  queue.o [1]
prvIsQueueFull           0x800'160b   0x1e  Code  Lc  queue.o [1]
prvProcessExpiredTimer   0x800'0cdb   0x46  Code  Lc  timers.o [1]
prvProcessReceivedCommands
                         0x800'0e33   0xba  Code  Lc  timers.o [1]
prvProcessTimerOrBlockTask
                         0x800'0d39   0x70  Code  Lc  timers.o [1]
prvResetNextTaskUnblockTime
                         0x800'07ad   0x28  Code  Lc  tasks.o [1]
prvSampleTimeNow         0x800'0dcf   0x26  Code  Lc  timers.o [1]
prvSampleTimeNow::xLastTime
                        0x2000'0b84    0x4  Data  Lc  timers.o [1]
prvSwitchTimerLists      0x800'0eed   0x5e  Code  Lc  timers.o [1]
prvTaskExitError         0x800'0ad9   0x10  Code  Lc  port.o [1]
prvTimerTask             0x800'0d25   0x14  Code  Lc  timers.o [1]
prvUnlockQueue           0x800'1581   0x6e  Code  Lc  queue.o [1]
pvTaskIncrementMutexHeldCount
                         0x800'08fb   0x16  Code  Gb  tasks.o [1]
pxCurrentTCB            0x2000'0b3c    0x4  Data  Gb  tasks.o [1]
pxCurrentTimerList      0x2000'0b74    0x4  Data  Lc  timers.o [1]
pxDelayedTaskList       0x2000'0b40    0x4  Data  Lc  tasks.o [1]
pxOverflowDelayedTaskList
                        0x2000'0b44    0x4  Data  Lc  tasks.o [1]
pxOverflowTimerList     0x2000'0b78    0x4  Data  Lc  timers.o [1]
pxPortInitialiseStack    0x800'0ab1   0x28  Code  Gb  port.o [1]
pxReadyTasksLists       0x2000'0910   0x64  Data  Lc  tasks.o [1]
std::array<unsigned int, (unsigned int)128>::data()
                         0x800'1dbf    0x2  Code  Gb  main.o [1]
std::chrono::duration<long long, std::ratio<(long long)1, (long long)1000>>::count() const
                         0x800'1df5    0x6  Code  Gb  main.o [1]
std::chrono::duration<unsigned int, std::ratio<(long long)10, (long long)1000>>::count() const
                         0x800'1d87    0x4  Code  Gb  main.o [1]
std::chrono::duration<unsigned int, std::ratio<(long long)10, (long long)1000>>::duration<unsigned int, void>(unsigned int const &)
                         0x800'1dfb    0x6  Code  Gb  main.o [1]
std::enable_if<std::chrono::_Is_duration<std::chrono::duration<unsigned int, std::ratio<(long long)10, (long long)1000>>>::value, std::chrono::duration<unsigned int, std::ratio<(long long)10, (long long)1000>>>::type std::chrono::duration_cast<std::chrono::duration<unsigned int, std::ratio<(long long)10, (long long)1000>>, long long, std::ratio<(long long)1, (long long)1000>>(std::chrono::duration<long long, std::ratio<(long long)1, (long long)1000>> const &)
                         0x800'1d6b   0x1c  Code  Gb  main.o [1]
ucMaxSysCallPriority    0x2000'0b90    0x1  Data  Lc  port.o [1]
ulMaxPRIGROUPValue      0x2000'0b38    0x4  Data  Lc  port.o [1]
unsigned int RegisterBase<(unsigned int)1073874960, (unsigned int)32, ReadMode>::Get<ReadMode, void>()
                         0x800'1f71    0xc  Code  Gb  main.o [1]
uxCriticalNesting       0x2000'0008    0x4  Data  Lc  port.o [1]
uxCurrentNumberOfTasks  0x2000'0b48    0x4  Data  Lc  tasks.o [1]
uxListRemove             0x800'0a8b   0x26  Code  Gb  list.o [1]
uxPendedTicks           0x2000'0b58    0x4  Data  Lc  tasks.o [1]
uxSchedulerSuspended    0x2000'0b70    0x4  Data  Lc  tasks.o [1]
uxTaskNumber            0x2000'0b64    0x4  Data  Lc  tasks.o [1]
uxTopReadyPriority      0x2000'0b50    0x4  Data  Lc  tasks.o [1]
vApplicationGetIdleTaskMemory
                         0x800'09af    0xe  Code  Gb  tasks.o [1]
vApplicationGetIdleTaskMemory::uxIdleTaskStack
                        0x2000'0670  0x200  Data  Lc  tasks.o [1]
vApplicationGetIdleTaskMemory::xIdleTaskTCB
                        0x2000'0974   0x50  Data  Lc  tasks.o [1]
vApplicationGetTimerTaskMemory
                         0x800'09bd   0x10  Code  Gb  tasks.o [1]
vApplicationGetTimerTaskMemory::uxTimerTaskStack
                        0x2000'000c  0x400  Data  Lc  tasks.o [1]
vApplicationGetTimerTaskMemory::xTimerTaskTCB
                        0x2000'09c4   0x50  Data  Lc  tasks.o [1]
vEventGroupDelete        0x800'1abd   0x20  Code  Gb  event_groups.o [1]
vEventGroupSetBitsCallback
                         0x800'1add    0x8  Code  Gb  event_groups.o [1]
vListInitialise          0x800'0a19   0x1e  Code  Gb  list.o [1]
vListInitialiseItem      0x800'0a37    0x6  Code  Gb  list.o [1]
vListInsert              0x800'0a55   0x36  Code  Gb  list.o [1]
vListInsertEnd           0x800'0a3d   0x18  Code  Gb  list.o [1]
vPortEnableVFP           0x800'1075         Code  Gb  portasm.o [1]
vPortEnterCritical       0x800'0b71   0x22  Code  Gb  port.o [1]
vPortExitCritical        0x800'0b93   0x16  Code  Gb  port.o [1]
vPortSVCHandler          0x800'1041         Code  Gb  portasm.o [1]
vPortStartFirstTask      0x800'105d         Code  Gb  portasm.o [1]
vPortValidateInterruptPriority
                         0x800'0bd5   0x14  Code  Gb  port.o [1]
vQueueAddToRegistry      0x800'1629   0x24  Code  Gb  queue.o [1]
vQueueWaitForMessageRestricted
                         0x800'1655   0x4a  Code  Gb  queue.o [1]
vTaskDelay               0x800'02fb   0x38  Code  Gb  tasks.o [1]
vTaskMissedYield         0x800'074b    0xa  Code  Gb  tasks.o [1]
vTaskPlaceOnEventList    0x800'05d7   0x1a  Code  Gb  tasks.o [1]
vTaskPlaceOnEventListRestricted
                         0x800'05f1   0x24  Code  Gb  tasks.o [1]
vTaskPriorityInherit     0x800'07f3   0x8a  Code  Gb  tasks.o [1]
vTaskSetTimeOutState     0x800'06df   0x12  Code  Gb  tasks.o [1]
vTaskStartScheduler      0x800'0333   0x82  Code  Gb  tasks.o [1]
vTaskSuspendAll          0x800'03b5    0xc  Code  Gb  tasks.o [1]
vTaskSwitchContext       0x800'057f   0x58  Code  Gb  tasks.o [1]
void FieldValueBase<GPIOA_MODER_MODER15_Values<GPIOA::MODER, (unsigned int)10, (unsigned int)2, ReadWriteMode, GPIOA::GPIOAMODERBase>, GPIOA::GPIOAMODERBase, (unsigned int)1>::Set<ReadWriteMode, void>()
                         0x800'1d11   0x14  Code  Gb  main.o [1]
void FieldValueBase<RCC_AHB1ENR_DMA2EN_Values<RCC::APB2ENR, (unsigned int)14, (unsigned int)1, ReadWriteMode, RCC::RCCAPB2ENRBase>, RCC::RCCAPB2ENRBase, (unsigned int)1>::Set<ReadWriteMode, void>()
                         0x800'1cfd   0x14  Code  Gb  main.o [1]
void FieldValueBase<RCC_CFGR_SW_Values<RCC::CFGR, (unsigned int)0, (unsigned int)2, ReadWriteMode, RCC::RCCCFGRBase>, RCC::RCCCFGRBase, (unsigned int)0>::Set<ReadWriteMode, void>()
                         0x800'1cc1   0x10  Code  Gb  main.o [1]
void FieldValueBase<RCC_CR_HSION_Values<RCC::CR, (unsigned int)0, (unsigned int)1, ReadWriteMode, RCC::RCCCRBase>, RCC::RCCCRBase, (unsigned int)1>::Set<ReadWriteMode, void>()
                         0x800'1c95   0x14  Code  Gb  main.o [1]
void OsWrapper::Rtos::CreateThread<ButtonTask>(ButtonTask &, char const *, OsWrapper::ThreadPriority)
                         0x800'1d41   0x22  Code  Gb  main.o [1]
void OsWrapper::RtosWrapper::wCreateThread<OsWrapper::Rtos, ButtonTask>(ButtonTask &, char const *, OsWrapper::ThreadPriority, unsigned short, unsigned int *)
                         0x800'1dc1   0x2c  Code  Gb  main.o [1]
void Register<(unsigned int)1073874944, (unsigned int)32, ReadWriteMode, GPIOC::GPIOCMODERBase, FieldValue<GPIOC_MODER_MODER15_Values<GPIOC::MODER, (unsigned int)10, (unsigned int)2, ReadWriteMode, GPIOC::GPIOCMODERBase>, GPIOC::GPIOCMODERBase, (unsigned int)1>, FieldValue<GPIOC_MODER_MODER15_Values<GPIOC::MODER, (unsigned int)16, (unsigned int)2, ReadWriteMode, GPIOC::GPIOCMODERBase>, GPIOC::GPIOCMODERBase, (unsigned int)1>, FieldValue<GPIOC_MODER_MODER15_Values<GPIOC::MODER, (unsigned int)18, (unsigned int)2, ReadWriteMode, GPIOC::GPIOCMODERBase>, GPIOC::GPIOCMODERBase, (unsigned int)1>>::Set<ReadWriteMode, void>()
                         0x800'1d25   0x1c  Code  Gb  main.o [1]
void Register<(unsigned int)1073887280, (unsigned int)32, ReadWriteMode, RCC::RCCAHB1ENRBase, FieldValue<RCC_AHB1ENR_DMA2EN_Values<RCC::AHB1ENR, (unsigned int)2, (unsigned int)1, ReadWriteMode, RCC::RCCAHB1ENRBase>, RCC::RCCAHB1ENRBase, (unsigned int)1>, FieldValue<RCC_AHB1ENR_DMA2EN_Values<RCC::AHB1ENR, (unsigned int)0, (unsigned int)1, ReadWriteMode, RCC::RCCAHB1ENRBase>, RCC::RCCAHB1ENRBase, (unsigned int)1>>::Set<ReadWriteMode, void>()
                         0x800'1ce9   0x14  Code  Gb  main.o [1]
xActiveTimerList1       0x2000'0b10   0x14  Data  Lc  timers.o [1]
xActiveTimerList2       0x2000'0b24   0x14  Data  Lc  timers.o [1]
xDelayedTaskList1       0x2000'0ac0   0x14  Data  Lc  tasks.o [1]
xDelayedTaskList2       0x2000'0ad4   0x14  Data  Lc  tasks.o [1]
xEventGroupCreateStatic
                         0x800'1a25   0x16  Code  Gb  event_groups.o [1]
xEventGroupSetBits       0x800'1a3b   0x82  Code  Gb  event_groups.o [1]
xIdleTaskHandle         0x2000'0b6c    0x4  Data  Lc  tasks.o [1]
xNextTaskUnblockTime    0x2000'0b68    0x4  Data  Lc  tasks.o [1]
xNumOfOverflows         0x2000'0b60    0x4  Data  Lc  tasks.o [1]
xPendingReadyList       0x2000'0ae8   0x14  Data  Lc  tasks.o [1]
xPortPendSVHandler       0x800'0fe9         Code  Gb  portasm.o [1]
xPortStartScheduler      0x800'0ae9   0x88  Code  Gb  port.o [1]
xPortSysTickHandler      0x800'0ba9   0x28  Code  Gb  port.o [1]
xQueueGenericCreateStatic
                         0x800'110f   0x38  Code  Gb  queue.o [1]
xQueueGenericReceive     0x800'1343  0x18e  Code  Gb  queue.o [1]
xQueueGenericReset       0x800'1091   0x7e  Code  Gb  queue.o [1]
xQueueGenericSend        0x800'1163  0x142  Code  Gb  queue.o [1]
xQueueGenericSendFromISR
                         0x800'12a5   0x9e  Code  Gb  queue.o [1]
xQueueRegistry          0x2000'0a5c   0x40  Data  Gb  queue.o [1]
xSchedulerRunning       0x2000'0b54    0x4  Data  Lc  tasks.o [1]
xSuspendedTaskList      0x2000'0afc   0x14  Data  Lc  tasks.o [1]
xTaskCheckForTimeOut     0x800'06f1   0x5a  Code  Gb  tasks.o [1]
xTaskCreateStatic        0x800'0199   0x36  Code  Gb  tasks.o [1]
xTaskGetSchedulerState   0x800'07d5   0x1e  Code  Gb  tasks.o [1]
xTaskGetTickCount        0x800'0491    0x8  Code  Gb  tasks.o [1]
xTaskIncrementTick       0x800'0499   0xe6  Code  Gb  tasks.o [1]
xTaskPriorityDisinherit
                         0x800'087d   0x7e  Code  Gb  tasks.o [1]
xTaskRemoveFromEventList
                         0x800'0615   0x6e  Code  Gb  tasks.o [1]
xTaskRemoveFromUnorderedEventList
                         0x800'0683   0x5c  Code  Gb  tasks.o [1]
xTaskResumeAll           0x800'03c1   0xd0  Code  Gb  tasks.o [1]
xTickCount              0x2000'0b4c    0x4  Data  Lc  tasks.o [1]
xTimerCreateTimerTask    0x800'0c35   0x56  Code  Gb  timers.o [1]
xTimerGenericCommand     0x800'0c8b   0x50  Code  Gb  timers.o [1]
xTimerPendFunctionCallFromISR
                         0x800'0f97   0x22  Code  Gb  timers.o [1]
xTimerQueue             0x2000'0b7c    0x4  Data  Lc  timers.o [1]
xTimerTaskHandle        0x2000'0b80    0x4  Data  Lc  timers.o [1]
xYieldPending           0x2000'0b5c    0x4  Data  Lc  tasks.o [1]


[1] = C:\Users\User\Documents\Kurs\Kurs\Debug\Obj
[2] = dl7M_tln.a
[3] = dlpp7M_tl_nc.a
[4] = m7M_tls.a
[5] = rt7M_tl.a
[6] = shb_l.a

  7'691 bytes of readonly  code memory
    549 bytes of readonly  data memory
  3'613 bytes of readwrite data memory

Errors: none
Warnings: none
