###############################################################################
#
# IAR ANSI C/C++ Compiler V8.40.2.214/W32 for ARM         03/Apr/2021  09:41:58
# Copyright 1999-2019 IAR Systems AB.
#
#    Cpu mode     =  
#    Endian       =  little
#    Source file  =
#        C:\Users\User\Documents\Kurs\Kurs\AHardware\IrqController\irqcontroller.cpp
#    Command line =
#        -f C:\Users\User\AppData\Local\Temp\EW9DDE.tmp
#        (C:\Users\User\Documents\Kurs\Kurs\AHardware\IrqController\irqcontroller.cpp
#        -lC C:\Users\User\Documents\Kurs\Kurs\Debug\List -lA
#        C:\Users\User\Documents\Kurs\Kurs\Debug\List -o
#        C:\Users\User\Documents\Kurs\Kurs\Debug\Obj --no_cse --no_unroll
#        --no_inline --no_code_motion --no_tbaa --no_clustering --no_scheduling
#        --debug --endian=little --cpu=Cortex-M4 -e --fpu=VFPv4_sp
#        --dlib_config "C:\Program Files (x86)\IAR Systems\Embedded Workbench
#        8.3\arm\inc\c\DLib_Config_Normal.h" -I
#        C:\Users\User\Documents\Kurs\Kurs\Rtos\ -I
#        C:\Users\User\Documents\Kurs\Kurs\Rtos\wrapper\ -I
#        C:\Users\User\Documents\Kurs\Kurs\Rtos\wrapper\FreeRtos\ -I
#        C:\Users\User\Documents\Kurs\Kurs\Rtos\FreeRtos\ -I
#        C:\Users\User\Documents\Kurs\Kurs\Rtos\FreeRtos\include\ -I
#        C:\Users\User\Documents\Kurs\Kurs\Rtos\FreeRtos\portable\ -I
#        C:\Users\User\Documents\Kurs\Kurs\Rtos\FreeRtos\portable\Common\ -I
#        C:\Users\User\Documents\Kurs\Kurs\Rtos\FreeRtos\portable\IAR\ -I
#        C:\Users\User\Documents\Kurs\Kurs\Rtos\FreeRtos\portable\IAR\ARM_CM4F\
#        -I C:\Users\User\Documents\Kurs\Kurs\Rtos\FreeRtos\portable\MemMang\
#        -I C:\Users\User\Documents\Kurs\Kurs\MyTasks\ -I
#        C:\Users\User\Documents\Kurs\Kurs\Common\ -I
#        C:\Users\User\Documents\Kurs\Kurs\CMSIS\ -I
#        C:\Users\User\Documents\Kurs\Kurs\Application\ -I
#        C:\Users\User\Documents\Kurs\Kurs\Application\Diagnostic\ -I
#        C:\Users\User\Documents\Kurs\Kurs\AHardware\ -I
#        C:\Users\User\Documents\Kurs\Kurs\AHardware\GpioPort\ -I
#        C:\Users\User\Documents\Kurs\Kurs\AHardware\IrqController\ -I
#        C:\Users\User\Documents\Kurs\Kurs\..\CortexLib\AbstractHardware\Pin\
#        -I
#        C:\Users\User\Documents\Kurs\Kurs\..\CortexLib\AbstractHardware\Registers\STM32F411\FieldValues\
#        -I
#        C:\Users\User\Documents\Kurs\Kurs\..\CortexLib\AbstractHardware\Registers\STM32F411\
#        -I
#        C:\Users\User\Documents\Kurs\Kurs\..\CortexLib\AbstractHardware\Registers\
#        -I
#        C:\Users\User\Documents\Kurs\Kurs\..\CortexLib\AbstractHardware\Port\
#        -I
#        C:\Users\User\Documents\Kurs\Kurs\..\CortexLib\AbstractHardware\Atomic\
#        -I C:\Users\User\Documents\Kurs\Kurs\..\CortexLib\Common\ -I
#        C:\Users\User\Documents\Kurs\Kurs\..\CortexLib\Common\Singleton\ -I
#        C:\Users\User\Documents\Kurs\Kurs\..\CortexLib\Common\RomObject\ -I
#        C:\Users\User\Documents\Kurs\Kurs\AHardware\Registers\ -I
#        C:\Users\User\Documents\Kurs\Kurs\AHardware\Registers\CortexM4\ -I
#        C:\Users\User\Documents\Kurs\Kurs\AHardware\Registers\CortexM4\FieldValues\
#        -I C:\Users\User\Documents\Kurs\Kurs\AHardware\Registers\STM32F411\ -I
#        C:\Users\User\Documents\Kurs\Kurs\AHardware\Registers\STM32F411\FieldValues\
#        -I C:\Users\User\Documents\Kurs\Kurs\Common\ -I
#        C:\Users\User\Documents\Kurs\Kurs\AHardware\Atomic\ -I
#        C:\Users\User\Documents\Kurs\Kurs\AHardware\USART\ -I
#        C:\Users\User\Documents\Kurs\Kurs\Tasks\ -I
#        C:\Users\User\Documents\Kurs\Kurs\Application\Button\ -I
#        C:\Users\User\Documents\Kurs\Kurs\Application\ -I
#        C:\Users\User\Documents\Kurs\Kurs\AHardware\Timer\ -I
#        C:\Users\User\Documents\Kurs\Kurs\AHardware\ -Ol --c++ --no_exceptions
#        --no_rtti)
#    Locale       =  C
#    List file    =
#        C:\Users\User\Documents\Kurs\Kurs\Debug\List\irqcontroller.lst
#    Object file  =
#        C:\Users\User\Documents\Kurs\Kurs\Debug\Obj\irqcontroller.o
#
###############################################################################

C:\Users\User\Documents\Kurs\Kurs\AHardware\IrqController\irqcontroller.cpp
      1          //
      2          // Created by Sergey on 27.08.2018.
      3          //
      4          #include "irqcontroller.hpp"
      5          

   \                                 In section .text, align 2, keep-with-next
      6          void IrqController::HandleIrqExtiLine15_10()
      7          {
      8            
      9          }
   \                     _ZN13IrqController22HandleIrqExtiLine15_10Ev: (+1)
   \        0x0   0x4770             BX       LR               ;; return

   Maximum stack usage in bytes:

   .cstack Function
   ------- --------
       0   IrqController::HandleIrqExtiLine15_10()


   Section sizes:

   Bytes  Function/Label
   -----  --------------
       2  IrqController::HandleIrqExtiLine15_10()

 
 2 bytes in section .text
 
 2 bytes of CODE memory

Errors: none
Warnings: none
